../Drivers/CMSIS/Include/core_cm7.h:2229:22:SCB_EnableICache	4	static,ignoring_inline_asm
../Drivers/CMSIS/Include/core_cm7.h:2265:22:SCB_InvalidateICache	4	static,ignoring_inline_asm
../Drivers/CMSIS/Include/core_cm7.h:2281:22:SCB_EnableDCache	24	static,ignoring_inline_asm
../Drivers/CMSIS/Include/core_cm7.h:2357:22:SCB_InvalidateDCache	24	static,ignoring_inline_asm
../Core/Src/main.c:180:5:main	72	static
../Core/Src/main.c:310:6:SystemClock_Config	88	static
../Core/Src/main.c:367:6:PeriphCommonClock_Config	144	static
../Core/Src/main.c:395:13:MX_ADC3_Init	24	static
../Core/Src/main.c:447:13:MX_CRC_Init	8	static
../Core/Src/main.c:478:13:MX_DCMI_Init	8	static
../Core/Src/main.c:515:13:MX_DMA2D_Init	8	static
../Core/Src/main.c:552:13:MX_I2C1_Init	8	static
../Core/Src/main.c:608:13:MX_I2C3_Init	8	static
../Core/Src/main.c:665:13:MX_LTDC_Init	64	static
../Core/Src/main.c:729:13:MX_QUADSPI_Init	8	static
../Core/Src/main.c:774:13:MX_RTC_Init	72	static
../Core/Src/main.c:870:13:MX_SAI2_Init	8	static
../Core/Src/main.c:954:13:MX_SDMMC1_SD_Init	4	static
../Core/Src/main.c:982:13:MX_SPDIFRX_Init	8	static
../Core/Src/main.c:1018:13:MX_TIM1_Init	112	static
../Core/Src/main.c:1098:13:MX_TIM2_Init	64	static
../Core/Src/main.c:1157:13:MX_TIM3_Init	64	static
../Core/Src/main.c:1216:13:MX_TIM5_Init	64	static
../Core/Src/main.c:1275:13:MX_TIM8_Init	40	static
../Core/Src/main.c:1322:13:MX_TIM12_Init	40	static
../Core/Src/main.c:1364:13:MX_USART1_UART_Init	8	static
../Core/Src/main.c:1399:13:MX_USART6_UART_Init	8	static
../Core/Src/main.c:1434:13:MX_DMA_Init	16	static
../Core/Src/main.c:1476:13:MX_FMC_Init	40	static
../Core/Src/main.c:1529:13:MX_GPIO_Init	72	static
../Core/Src/main.c:1727:6:Error	16	static
../Core/Src/main.c:1743:6:StartDefaultTask	24	static
../Core/Src/main.c:1787:6:startUITask	16	static
../Core/Src/main.c:1825:6:HAL_TIM_PeriodElapsedCallback	16	static
../Core/Src/main.c:1842:6:Error_Handler	8	static
