../Core/Src/stm32f7xx_hal_msp.c:65:6:HAL_MspInit	8	static
../Core/Src/stm32f7xx_hal_msp.c:89:6:HAL_ADC_MspInit	40	static
../Core/Src/stm32f7xx_hal_msp.c:134:6:HAL_ADC_MspDeInit	8	static
../Core/Src/stm32f7xx_hal_msp.c:170:6:HAL_CRC_MspInit	8	static
../Core/Src/stm32f7xx_hal_msp.c:192:6:HAL_CRC_MspDeInit	0	static
../Core/Src/stm32f7xx_hal_msp.c:214:6:HAL_DMA2D_MspInit	16	static
../Core/Src/stm32f7xx_hal_msp.c:239:6:HAL_DMA2D_MspDeInit	0	static
../Core/Src/stm32f7xx_hal_msp.c:264:6:HAL_ETH_MspInit	72	static
../Core/Src/stm32f7xx_hal_msp.c:323:6:HAL_ETH_MspDeInit	8	static
../Core/Src/stm32f7xx_hal_msp.c:363:6:HAL_I2C_MspInit	176	static
../Core/Src/stm32f7xx_hal_msp.c:442:6:HAL_I2C_MspDeInit	8	static
../Core/Src/stm32f7xx_hal_msp.c:493:6:HAL_QSPI_MspInit	64	static
../Core/Src/stm32f7xx_hal_msp.c:556:6:HAL_QSPI_MspDeInit	8	static
../Core/Src/stm32f7xx_hal_msp.c:593:6:HAL_RTC_MspInit	144	static
../Core/Src/stm32f7xx_hal_msp.c:626:6:HAL_RTC_MspDeInit	0	static
../Core/Src/stm32f7xx_hal_msp.c:648:6:HAL_SD_MspInit	48	static
../Core/Src/stm32f7xx_hal_msp.c:697:6:HAL_SD_MspDeInit	8	static
../Core/Src/stm32f7xx_hal_msp.c:733:6:HAL_SPDIFRX_MspInit	168	static
../Core/Src/stm32f7xx_hal_msp.c:783:6:HAL_SPDIFRX_MspDeInit	0	static
../Core/Src/stm32f7xx_hal_msp.c:811:6:HAL_SPI_MspInit	48	static
../Core/Src/stm32f7xx_hal_msp.c:856:6:HAL_SPI_MspDeInit	8	static
../Core/Src/stm32f7xx_hal_msp.c:888:6:HAL_TIM_Base_MspInit	24	static
../Core/Src/stm32f7xx_hal_msp.c:954:6:HAL_TIM_PWM_MspInit	8	static
../Core/Src/stm32f7xx_hal_msp.c:970:6:HAL_TIM_MspPostInit	48	static
../Core/Src/stm32f7xx_hal_msp.c:1085:6:HAL_TIM_Base_MspDeInit	0	static
../Core/Src/stm32f7xx_hal_msp.c:1151:6:HAL_TIM_PWM_MspDeInit	0	static
../Core/Src/stm32f7xx_hal_msp.c:1173:6:HAL_UART_MspInit	192	static
../Core/Src/stm32f7xx_hal_msp.c:1262:6:HAL_UART_MspDeInit	8	static
../Core/Src/stm32f7xx_hal_msp.c:1413:6:HAL_SDRAM_MspInit	48	static
../Core/Src/stm32f7xx_hal_msp.c:1499:6:HAL_SDRAM_MspDeInit	8	static
../Core/Src/stm32f7xx_hal_msp.c:1511:6:HAL_SAI_MspInit	40	static
../Core/Src/stm32f7xx_hal_msp.c:1561:6:HAL_SAI_MspDeInit	8	static
