../Drivers/CMSIS/Include/core_cm7.h:2229:22:SCB_EnableICache	4	static,ignoring_inline_asm
../Drivers/CMSIS/Include/core_cm7.h:2265:22:SCB_InvalidateICache	4	static,ignoring_inline_asm
../Drivers/CMSIS/Include/core_cm7.h:2281:22:SCB_EnableDCache	24	static,ignoring_inline_asm
../Drivers/CMSIS/Include/core_cm7.h:2357:22:SCB_InvalidateDCache	24	static,ignoring_inline_asm
../Core/Src/main.c:189:5:main	102672	static
../Core/Src/main.c:412:6:SystemClock_Config	88	static
../Core/Src/main.c:469:6:PeriphCommonClock_Config	144	static
../Core/Src/main.c:497:13:MX_ADC3_Init	24	static
../Core/Src/main.c:549:13:MX_CRC_Init	8	static
../Core/Src/main.c:580:13:MX_DCMI_Init	8	static
../Core/Src/main.c:617:13:MX_DMA2D_Init	8	static
../Core/Src/main.c:654:13:MX_I2C1_Init	8	static
../Core/Src/main.c:710:13:MX_I2C3_Init	8	static
../Core/Src/main.c:767:13:MX_LTDC_Init	64	static
../Core/Src/main.c:831:13:MX_QUADSPI_Init	8	static
../Core/Src/main.c:876:13:MX_RTC_Init	72	static
../Core/Src/main.c:972:13:MX_SAI2_Init	8	static
../Core/Src/main.c:1056:13:MX_SDMMC1_SD_Init	4	static
../Core/Src/main.c:1084:13:MX_SPDIFRX_Init	8	static
../Core/Src/main.c:1120:13:MX_TIM1_Init	112	static
../Core/Src/main.c:1200:13:MX_TIM2_Init	64	static
../Core/Src/main.c:1259:13:MX_TIM3_Init	64	static
../Core/Src/main.c:1318:13:MX_TIM5_Init	64	static
../Core/Src/main.c:1377:13:MX_TIM8_Init	40	static
../Core/Src/main.c:1424:13:MX_TIM12_Init	40	static
../Core/Src/main.c:1466:13:MX_USART1_UART_Init	8	static
../Core/Src/main.c:1501:13:MX_USART6_UART_Init	8	static
../Core/Src/main.c:1536:13:MX_DMA_Init	16	static
../Core/Src/main.c:1578:13:MX_FMC_Init	40	static
../Core/Src/main.c:1631:13:MX_GPIO_Init	72	static
../Core/Src/main.c:1829:6:Error	16	static
../Core/Src/main.c:1845:6:StartDefaultTask	24	static
../Core/Src/main.c:1889:6:startUITask	16	static
../Core/Src/main.c:1927:6:HAL_TIM_PeriodElapsedCallback	16	static
../Core/Src/main.c:1944:6:Error_Handler	8	static
